
> @deonpay/dashboard@0.1.0 build
> next build

"next" no se reconoce como un comando interno o externo,
programa o archivo por lotes ejecutable.
